// Jest Snapshot v1, https://goo.gl/fbAQLP

exports[`App component renders app 1`] = `<ColorPicker />`;
