// Jest Snapshot v1, https://goo.gl/fbAQLP

exports[`Header component matches the snapshot 1`] = `
<header>
  <h1>
    my dog
  </h1>
</header>
`;
